<html>
<body>
<pre>
<h1>礦ision Build Log</h1>
<h2>Project:</h2>
C:\Users\Administrator\Desktop\代码\FTC-Explorer-V1.1\FTC_Hexacopter.uvproj
Project File Date:  07/09/2017

<h2>Output:</h2>
Build target 'FTC_Hexacopter'
compiling FTC_FlyControl.cpp...
linking...
Program Size: Code=44654 RO-data=710 RW-data=196 ZI-data=3948  
FromELF: creating hex file...
".\build\FTC_Hexacopter.axf" - 0 Error(s), 0 Warning(s).
Load "C:\\Users\\Administrator\\Desktop\\代码\\FTC-Explorer-V1.1\\build\\FTC_Hexacopter.axf" 
Set JLink Project File to "C:\Users\Administrator\Desktop\代码\FTC-Explorer-V1.1\JLinkSettings.ini"
* JLink Info: Device "STM32F103C8" selected (64 KB flash, 20 KB RAM).
 
JLink info:
------------
DLL: V4.80g, compiled Feb 13 2014 20:50:02
Firmware: J-Link ARM-OB STM32 compiled Aug 22 2012 19:52:04
Hardware: V7.00
S/N : 20090928 
Feature(s) : RDI,FlashDL,FlashBP,JFlash,GDBFull 
 
* JLink Info: Found SWD-DP with ID 0x1BA01477
* JLink Info: Found SWD-DP with ID 0x1BA01477
* JLink Info: Found Cortex-M3 r1p1, Little endian.
* JLink Info: FPUnit: 6 code (BP) slots and 2 literal slots
* JLink Info: TPIU fitted.
ROMTableAddr = 0xE00FF003
 
Target info:
------------
Device: STM32F103C8
VTarget = 3.300V
State of Pins: 
TCK: 0, TDI: 0, TDO: 1, TMS: 0, TRES: 1, TRST: 1
Hardware-Breakpoints: 6
Software-Breakpoints: 8192
Watchpoints:          4
JTAG speed: 4000 kHz
 
Erase Done.
Programming Done.
Verify OK.
Application running ...
 File to "C:\Users\Administrator\Desktop\代码\FTC-Explorer-V1.1\JLinkSettings.ini"
* JLink Info: Device "STM32F103C8" selected (64 KB flash, 20 KB RAM).
 
JLink info:
------------
DLL: V4.80g, compiled Feb 13 2014 20:50:02
Firmware: J-Link ARM-OB STM32 compiled Aug 22 2012 19:52:04
Hardware: V7.00
S/N : 20090928 
Feature(s) : RDI,FlashDL,FlashBP,JFlash,GDBFull 
 
* JLink Info: Found SWD-DP with ID 0x1BA01477
* JLink Info: Found SWD-DP with ID 0x1BA01477
* JLink Info: Found Cortex-M3 r1p1, Little endian.
* JLink Info: FPUnit: 6 code (BP) slots and 2 literal slots
* JLink Info: TPIU fitted.
ROMTableAddr = 0xE00FF003
 
Target info:
------------
Device: STM32F103C8
VTarget = 3.300V
State of Pins: 
TCK: 0, TDI: 0, TDO: 1, TMS: 0, TRES: 1, TRST: 1
Hardware-Breakpoints: 6
Software-Breakpoints: 8192
Watchpoints:          4
JTAG speed: 4000 kHz
 
Erase Done.
Programming Done.
Verify OK.
Application running ...
= 0xE00FF003
 
Target info:
------------
Device: STM32F103C8
VTarget = 3.300V
State of Pins: 
TCK: 0, TDI: 0, TDO: 1, TMS: 0, TRES: 1, TRST: 1
Hardware-Breakpoints: 6
Software-Breakpoints: 8192
Watchpoints:          4
JTAG speed: 4000 kHz
 
Erase Done.
Programming Done.
Verify OK.
Application running ...
ts mismatch at: 08000015H  (Flash=FFH  Required=5EH) !
Contents mismatch at: 08000016H  (Flash=FFH  Required=00H) !
Contents mismatch at: 08000017H  (Flash=FFH  Required=08H) !
Contents mismatch at: 08000018H  (Flash=FFH  Required=7FH) !
Contents mismatch at: 08000019H  (Flash=FFH  Required=5EH) !
Contents mismatch at: 0800001AH  (Flash=FFH  Required=00H) !
Contents mismatch at: 0800001BH  (Flash=FFH  Required=08H) !
Contents mismatch at: 0800001CH  (Flash=FFH  Required=00H) !
Contents mismatch at: 0800001DH  (Flash=FFH  Required=00H) !
Contents mismatch at: 0800001EH  (Flash=FFH  Required=00H) !
Contents mismatch at: 0800001FH  (Flash=FFH  Required=00H) !
Contents mismatch at: 08000020H  (Flash=FFH  Required=00H) !
Contents mismatch at: 08000021H  (Flash=FFH  Required=00H) !
Contents mismatch at: 08000022H  (Flash=FFH  Required=00H) !
Contents mismatch at: 08000023H  (Flash=FFH  Required=00H) !
Contents mismatch at: 08000024H  (Flash=FFH  Required=00H) !
Contents mismatch at: 08000025H  (Flash=FFH  Required=00H) !
Contents mismatch at: 08000026H  (Flash=FFH  Required=00H) !
Contents mismatch at: 08000027H  (Flash=FFH  Required=00H) !
Contents mismatch at: 08000028H  (Flash=FFH  Required=00H) !
Contents mismatch at: 08000029H  (Flash=FFH  Required=00H) !
Contents mismatch at: 0800002AH  (Flash=FFH  Required=00H) !
Contents mismatch at: 0800002BH  (Flash=FFH  Required=00H) !
Contents mismatch at: 0800002CH  (Flash=FFH  Required=83H) !
Contents mismatch at: 0800002DH  (Flash=FFH  Required=5EH) !
Contents mismatch at: 0800002EH  (Flash=FFH  Required=00H) !
Contents mismatch at: 0800002FH  (Flash=FFH  Required=08H) !
Contents mismatch at: 08000030H  (Flash=FFH  Required=85H) !
Contents mismatch at: 08000031H  (Flash=FFH  Required=5EH) !
Contents mismatch at: 08000032H  (Flash=FFH  Required=00H) !
Contents mismatch at: 08000033H  (Flash=FFH  Required=08H) !
Contents mismatch at: 08000034H  (Flash=FFH  Required=00H) !
Contents mismatch at: 08000035H  (Flash=FFH  Required=00H) !
Contents mismatch at: 08000036H  (Flash=FFH  Required=00H) !
Contents mismatch at: 08000037H  (Flash=FFH  Required=00H) !
Contents mismatch at: 08000038H  (Flash=FFH  Required=03H) !
Contents mismatch at: 08000039H  (Flash=FFH  Required=8AH) !
Contents mismatch at: 0800003AH  (Flash=FFH  Required=00H) !
Contents mismatch at: 0800003BH  (Flash=FFH  Required=08H) !
Contents mismatch at: 0800003CH  (Flash=FFH  Required=87H) !
Contents mismatch at: 0800003DH  (Flash=FFH  Required=5EH) !
Contents mismatch at: 0800003EH  (Flash=FFH  Required=00H) !
Contents mismatch at: 0800003FH  (Flash=FFH  Required=08H) !
Contents mismatch at: 08000040H  (Flash=FFH  Required=07H) !
Contents mismatch at: 08000041H  (Flash=FFH  Required=8AH) !
Contents mismatch at: 08000042H  (Flash=FFH  Required=00H) !
Contents mismatch at: 08000043H  (Flash=FFH  Required=08H) !
Contents mismatch at: 08000044H  (Flash=FFH  Required=07H) !
Contents mismatch at: 08000045H  (Flash=FFH  Required=8AH) !
Contents mismatch at: 08000046H  (Flash=FFH  Required=00H) !
Contents mismatch at: 08000047H  (Flash=FFH  Required=08H) !
Contents mismatch at: 08000048H  (Flash=FFH  Required=07H) !
Contents mismatch at: 08000049H  (Flash=FFH  Required=8AH) !
Contents mismatch at: 0800004AH  (Flash=FFH  Required=00H) !
Contents mismatch at: 0800004BH  (Flash=FFH  Required=08H) !
Contents mismatch at: 0800004CH  (Flash=FFH  Required=07H) !
Contents mismatch at: 0800004DH  (Flash=FFH  Required=8AH) !
Contents mismatch at: 0800004EH  (Flash=FFH  Required=00H) !
Contents mismatch at: 0800004FH  (Flash=FFH  Required=08H) !
Contents mismatch at: 08000050H  (Flash=FFH  Required=07H) !
Contents mismatch at: 08000051H  (Flash=FFH  Required=8AH) !
Contents mismatch at: 08000052H  (Flash=FFH  Required=00H) !
Contents mismatch at: 08000053H  (Flash=FFH  Required=08H) !
Contents mismatch at: 08000054H  (Flash=FFH  Required=07H) !
Contents mismatch at: 08000055H  (Flash=FFH  Required=8AH) !
Contents mismatch at: 08000056H  (Flash=FFH  Required=00H) !
Contents mismatch at: 08000057H  (Flash=FFH  Required=08H) !
Contents mismatch at: 08000058H  (Flash=FFH  Required=07H) !
Contents mismatch at: 08000059H  (Flash=FFH  Required=8AH) !
Contents mismatch at: 0800005AH  (Flash=FFH  Required=00H) !
Contents mismatch at: 0800005BH  (Flash=FFH  Required=08H) !
Contents mismatch at: 0800005CH  (Flash=FFH  Required=07H) !
Contents mismatch at: 0800005DH  (Flash=FFH  Required=8AH) !
Contents mismatch at: 0800005EH  (Flash=FFH  Required=00H) !
Contents mismatch at: 0800005FH  (Flash=FFH  Required=08H) !
Contents mismatch at: 08000060H  (Flash=FFH  Required=07H) !
Contents mismatch at: 08000061H  (Flash=FFH  Required=8AH) !
Contents mismatch at: 08000062H  (Flash=FFH  Required=00H) !
Contents mismatch at: 08000063H  (Flash=FFH  Required=08H) !
Too many errors to display !
Error: Flash Download failed  -  "Cortex-M3"
Load "C:\\Users\\Administrator\\Desktop\\代码\\FTC-Explorer-V1.1\\build\\FTC_Hexacopter.axf" 
Set JLink Project File to "C:\Users\Administrator\Desktop\代码\FTC-Explorer-V1.1\JLinkSettings.ini"
* JLink Info: Device "STM32F103C8" selected (64 KB flash, 20 KB RAM).
 
JLink info:
------------
DLL: V4.80g, compiled Feb 13 2014 20:50:02
Firmware: J-Link ARM-OB STM32 compiled Aug 22 2012 19:52:04
Hardware: V7.00
S/N : 20090928 
Feature(s) : RDI,FlashDL,FlashBP,JFlash,GDBFull 
 
* JLink Info: Found SWD-DP with ID 0x1BA01477
* JLink Info: Found SWD-DP with ID 0x1BA01477
* JLink Info: Found Cortex-M3 r1p1, Little endian.
* JLink Info: FPUnit: 6 code (BP) slots and 2 literal slots
* JLink Info: TPIU fitted.
ROMTableAddr = 0xE00FF003
 
Target info:
------------
Device: STM32F103C8
VTarget = 3.300V
State of Pins: 
TCK: 0, TDI: 0, TDO: 1, TMS: 0, TRES: 1, TRST: 1
Hardware-Breakpoints: 6
Software-Breakpoints: 8192
Watchpoints:          4
JTAG speed: 4000 kHz
 
***JLink Error: Can not read register 15 (R15) while CPU is running
***JLink Error: Can not read register 20 (CFBP) while CPU is running
**JLink Warning: T-bit of XPSR is 0 but should be 1. Changed to 1.
Erase Failed!
Error: Flash Download failed  -  "Cortex-M3"
Load "C:\\Users\\Administrator\\Desktop\\代码\\FTC-Explorer-V1.1\\build\\FTC_Hexacopter.axf" 
Set JLink Project File to "C:\Users\Administrator\Desktop\代码\FTC-Explorer-V1.1\JLinkSettings.ini"
* JLink Info: Device "STM32F103C8" selected (64 KB flash, 20 KB RAM).
 
JLink info:
------------
DLL: V4.80g, compiled Feb 13 2014 20:50:02
Firmware: J-Link ARM-OB STM32 compiled Aug 22 2012 19:52:04
Hardware: V7.00
S/N : 20090928 
Feature(s) : RDI,FlashDL,FlashBP,JFlash,GDBFull 
 
* JLink Info: Found SWD-DP with ID 0x1BA01477
* JLink Info: Found SWD-DP with ID 0x1BA01477
* JLink Info: Found Cortex-M3 r1p1, Little endian.
* JLink Info: FPUnit: 6 code (BP) slots and 2 literal slots
* JLink Info: TPIU fitted.
ROMTableAddr = 0xE00FF003
 
Target info:
------------
Device: STM32F103C8
VTarget = 3.300V
State of Pins: 
TCK: 0, TDI: 0, TDO: 1, TMS: 0, TRES: 1, TRST: 1
Hardware-Breakpoints: 6
Software-Breakpoints: 8192
Watchpoints:          4
JTAG speed: 4000 kHz
 
Erase Done.
Programming Done.
Verify OK.
Application running ...
