<html>
<body>
<pre>
<h1>µVision Build Log</h1>
<h2>Project:</h2>
E:\drone\FTC-Explorer-V1.1\FTC_Hexacopter.uvproj
Project File Date:  07/22/2017

<h2>Output:</h2>
Build target 'FTC_Hexacopter'
compiling FTC_Motor.cpp...
applications\FTC_Motor.cpp(68): warning:  #177-D: variable "throw_throttle" was declared but never referenced
        static int16_t throw_throttle;
applications\FTC_Motor.cpp: 1 warning, 0 errors
linking...
Program Size: Code=44806 RO-data=710 RW-data=192 ZI-data=3944  
FromELF: creating hex file...
".\build\FTC_Hexacopter.axf" - 0 Error(s), 1 Warning(s).
Load "E:\\drone\\FTC-Explorer-V1.1\\build\\FTC_Hexacopter.axf" 
Set JLink Project File to "E:\drone\FTC-Explorer-V1.1\JLinkSettings.ini"
* JLink Info: Device "STM32F103C8" selected (64 KB flash, 20 KB RAM).
 
JLink info:
------------
DLL: V4.80g, compiled Feb 13 2014 20:50:02
Firmware: J-Link ARM-OB STM32 compiled Aug 22 2012 19:52:04
Hardware: V7.00
S/N : 20090928 
Feature(s) : RDI,FlashDL,FlashBP,JFlash,GDBFull 
 
* JLink Info: Found SWD-DP with ID 0x1BA01477
* JLink Info: Found SWD-DP with ID 0x1BA01477
* JLink Info: Found Cortex-M3 r1p1, Little endian.
* JLink Info: FPUnit: 6 code (BP) slots and 2 literal slots
* JLink Info: TPIU fitted.
ROMTableAddr = 0xE00FF003
 
Target info:
------------
Device: STM32F103C8
VTarget = 3.300V
State of Pins: 
TCK: 0, TDI: 0, TDO: 1, TMS: 0, TRES: 1, TRST: 1
Hardware-Breakpoints: 6
Software-Breakpoints: 8192
Watchpoints:          4
JTAG speed: 4000 kHz
 
Erase Done.
Programming Done.
Verify OK.
Application running ...
***JLink Error: Can not read register 15 (R15) while CPU is running
**JLink Warning: CPU could not be halted
***JLink Error: Could not read memory location 0x20000000 when trying to clear soft RAM BP
Could not start CPU core. (ErrorCode: -1)
***JLink Error: Can not read register 20 (CFBP) while CPU is running
**JLink Warning: CPU could not be halted
***JLink Error: Could not start CPU core. (ErrorCode: -1)
***JLink Error: CPU is not halted
***JLink Error: Can not read register 15 (R15) while CPU is running
**JLink Warning: CPU could not be halted
***JLink Error: Could not read memory location 0x20000000 when trying to clear soft RAM BP
Could not start CPU core. (ErrorCode: -1)
Erase Failed!
Error: Flash Download failed  -  "Cortex-M3"
Load "E:\\drone\\FTC-Explorer-V1.1\\build\\FTC_Hexacopter.axf" 
Set JLink Project File to "E:\drone\FTC-Explorer-V1.1\JLinkSettings.ini"
* JLink Info: Device "STM32F103C8" selected (64 KB flash, 20 KB RAM).
 
JLink info:
------------
DLL: V4.80g, compiled Feb 13 2014 20:50:02
Firmware: J-Link ARM-OB STM32 compiled Aug 22 2012 19:52:04
Hardware: V7.00
S/N : 20090928 
Feature(s) : RDI,FlashDL,FlashBP,JFlash,GDBFull 
 
* JLink Info: Found SWD-DP with ID 0x1BA01477
* JLink Info: Found SWD-DP with ID 0x1BA01477
* JLink Info: Found Cortex-M3 r1p1, Little endian.
* JLink Info: FPUnit: 6 code (BP) slots and 2 literal slots
* JLink Info: TPIU fitted.
ROMTableAddr = 0xE00FF003
 
Target info:
------------
Device: STM32F103C8
VTarget = 3.300V
State of Pins: 
TCK: 0, TDI: 0, TDO: 1, TMS: 0, TRES: 1, TRST: 1
Hardware-Breakpoints: 6
Software-Breakpoints: 8192
Watchpoints:          4
JTAG speed: 4000 kHz
 
Erase Done.
***JLink Error: Can not read register 15 (R15) while CPU is running
**JLink Warning: T-bit of XPSR is 0 but should be 1. Changed to 1.
Programming Failed!
Error: Flash Download failed  -  "Cortex-M3"
Load "E:\\drone\\FTC-Explorer-V1.1\\build\\FTC_Hexacopter.axf" 
Set JLink Project File to "E:\drone\FTC-Explorer-V1.1\JLinkSettings.ini"
* JLink Info: Device "STM32F103C8" selected (64 KB flash, 20 KB RAM).
 
JLink info:
------------
DLL: V4.80g, compiled Feb 13 2014 20:50:02
Firmware: J-Link ARM-OB STM32 compiled Aug 22 2012 19:52:04
Hardware: V7.00
S/N : 20090928 
Feature(s) : RDI,FlashDL,FlashBP,JFlash,GDBFull 
 
* JLink Info: Found SWD-DP with ID 0x1BA01477
* JLink Info: Found SWD-DP with ID 0x1BA01477
* JLink Info: Found Cortex-M3 r1p1, Little endian.
* JLink Info: FPUnit: 6 code (BP) slots and 2 literal slots
* JLink Info: TPIU fitted.
ROMTableAddr = 0xE00FF003
 
Target info:
------------
Device: STM32F103C8
VTarget = 3.300V
State of Pins: 
TCK: 0, TDI: 0, TDO: 1, TMS: 0, TRES: 1, TRST: 1
Hardware-Breakpoints: 6
Software-Breakpoints: 8192
Watchpoints:          4
JTAG speed: 4000 kHz
 
Erase Done.
Programming Done.
Verify OK.
Application running ...
tch at: 08006FACH  (Flash=AAH  Required=00H) !
Contents mismatch at: 08006FADH  (Flash=AAH  Required=00H) !
Contents mismatch at: 08006FAEH  (Flash=AAH  Required=20H) !
Contents mismatch at: 08006FAFH  (Flash=AAH  Required=42H) !
Contents mismatch at: 08006FB0H  (Flash=AAH  Required=DFH) !
Contents mismatch at: 08006FB1H  (Flash=AAH  Required=48H) !
Contents mismatch at: 08006FB2H  (Flash=AAH  Required=00H) !
Contents mismatch at: 08006FB3H  (Flash=AAH  Required=68H) !
Contents mismatch at: 08006FB4H  (Flash=AAH  Required=40H) !
Contents mismatch at: 08006FB5H  (Flash=AAH  Required=F0H) !
Contents mismatch at: 08006FB6H  (Flash=AAH  Required=01H) !
Contents mismatch at: 08006FB7H  (Flash=AAH  Required=00H) !
Contents mismatch at: 08006FB8H  (Flash=AAH  Required=DDH) !
Contents mismatch at: 08006FB9H  (Flash=AAH  Required=49H) !
Contents mismatch at: 08006FBAH  (Flash=AAH  Required=08H) !
Contents mismatch at: 08006FBBH  (Flash=AAH  Required=60H) !
Contents mismatch at: 08006FBCH  (Flash=AAH  Required=08H) !
Contents mismatch at: 08006FBDH  (Flash=AAH  Required=46H) !
Contents mismatch at: 08006FBEH  (Flash=AAH  Required=40H) !
Contents mismatch at: 08006FBFH  (Flash=AAH  Required=68H) !
Contents mismatch at: 08006FC0H  (Flash=AAH  Required=DCH) !
Contents mismatch at: 08006FC1H  (Flash=AAH  Required=49H) !
Contents mismatch at: 08006FC2H  (Flash=AAH  Required=08H) !
Contents mismatch at: 08006FC3H  (Flash=AAH  Required=40H) !
Contents mismatch at: 08006FC4H  (Flash=AAH  Required=DAH) !
Contents mismatch at: 08006FC5H  (Flash=AAH  Required=49H) !
Contents mismatch at: 08006FC6H  (Flash=AAH  Required=48H) !
Contents mismatch at: 08006FC7H  (Flash=AAH  Required=60H) !
Contents mismatch at: 08006FC8H  (Flash=AAH  Required=08H) !
Contents mismatch at: 08006FC9H  (Flash=AAH  Required=46H) !
Contents mismatch at: 08006FCAH  (Flash=AAH  Required=00H) !
Contents mismatch at: 08006FCBH  (Flash=AAH  Required=68H) !
Contents mismatch at: 08006FCCH  (Flash=AAH  Required=DAH) !
Contents mismatch at: 08006FCDH  (Flash=AAH  Required=49H) !
Contents mismatch at: 08006FCEH  (Flash=AAH  Required=08H) !
Contents mismatch at: 08006FCFH  (Flash=AAH  Required=40H) !
Contents mismatch at: 08006FD0H  (Flash=AAH  Required=D7H) !
Contents mismatch at: 08006FD1H  (Flash=AAH  Required=49H) !
Contents mismatch at: 08006FD2H  (Flash=AAH  Required=08H) !
Contents mismatch at: 08006FD3H  (Flash=AAH  Required=60H) !
Contents mismatch at: 08006FD4H  (Flash=AAH  Required=08H) !
Contents mismatch at: 08006FD5H  (Flash=AAH  Required=46H) !
Contents mismatch at: 08006FD6H  (Flash=AAH  Required=00H) !
Contents mismatch at: 08006FD7H  (Flash=AAH  Required=68H) !
Contents mismatch at: 08006FD8H  (Flash=AAH  Required=20H) !
Contents mismatch at: 08006FD9H  (Flash=AAH  Required=F4H) !
Contents mismatch at: 08006FDAH  (Flash=AAH  Required=80H) !
Contents mismatch at: 08006FDBH  (Flash=AAH  Required=20H) !
Contents mismatch at: 08006FDCH  (Flash=AAH  Required=08H) !
Contents mismatch at: 08006FDDH  (Flash=AAH  Required=60H) !
Contents mismatch at: 08006FDEH  (Flash=AAH  Required=08H) !
Contents mismatch at: 08006FDFH  (Flash=AAH  Required=46H) !
Contents mismatch at: 08006FE0H  (Flash=AAH  Required=40H) !
Contents mismatch at: 08006FE1H  (Flash=AAH  Required=68H) !
Contents mismatch at: 08006FE2H  (Flash=AAH  Required=20H) !
Contents mismatch at: 08006FE3H  (Flash=AAH  Required=F4H) !
Contents mismatch at: 08006FE4H  (Flash=AAH  Required=FEH) !
Contents mismatch at: 08006FE5H  (Flash=AAH  Required=00H) !
Contents mismatch at: 08006FE6H  (Flash=AAH  Required=48H) !
Contents mismatch at: 08006FE7H  (Flash=AAH  Required=60H) !
Contents mismatch at: 08006FE8H  (Flash=AAH  Required=4FH) !
Contents mismatch at: 08006FE9H  (Flash=AAH  Required=F4H) !
Contents mismatch at: 08006FEAH  (Flash=AAH  Required=1FH) !
Contents mismatch at: 08006FEBH  (Flash=AAH  Required=00H) !
Contents mismatch at: 08006FECH  (Flash=AAH  Required=88H) !
Contents mismatch at: 08006FEDH  (Flash=AAH  Required=60H) !
Contents mismatch at: 08006FEEH  (Flash=AAH  Required=70H) !
Contents mismatch at: 08006FEFH  (Flash=AAH  Required=47H) !
Contents mismatch at: 08006FF0H  (Flash=AAH  Required=CFH) !
Contents mismatch at: 08006FF1H  (Flash=AAH  Required=49H) !
Contents mismatch at: 08006FF2H  (Flash=AAH  Required=09H) !
Contents mismatch at: 08006FF3H  (Flash=AAH  Required=68H) !
Too many errors to display !
Error: Flash Download failed  -  "Cortex-M3"
Load "E:\\drone\\FTC-Explorer-V1.1\\build\\FTC_Hexacopter.axf" 
Set JLink Project File to "E:\drone\FTC-Explorer-V1.1\JLinkSettings.ini"
* JLink Info: Device "STM32F103C8" selected (64 KB flash, 20 KB RAM).
 
JLink info:
------------
DLL: V4.80g, compiled Feb 13 2014 20:50:02
Firmware: J-Link ARM-OB STM32 compiled Aug 22 2012 19:52:04
Hardware: V7.00
S/N : 20090928 
Feature(s) : RDI,FlashDL,FlashBP,JFlash,GDBFull 
 
* JLink Info: Found SWD-DP with ID 0x1BA01477
* JLink Info: Found SWD-DP with ID 0x1BA01477
* JLink Info: Found Cortex-M3 r1p1, Little endian.
* JLink Info: FPUnit: 6 code (BP) slots and 2 literal slots
* JLink Info: TPIU fitted.
ROMTableAddr = 0xE00FF003
 
Target info:
------------
Device: STM32F103C8
VTarget = 3.300V
State of Pins: 
TCK: 0, TDI: 0, TDO: 1, TMS: 0, TRES: 1, TRST: 1
Hardware-Breakpoints: 6
Software-Breakpoints: 8192
Watchpoints:          4
JTAG speed: 4000 kHz
 
Erase Done.
Programming Done.
Verify OK.
Application running ...
